<?php return array (
  0 => 'Symfony\\Bundle\\FrameworkBundle\\Controller\\AbstractController',
  1 => 'App\\Controller\\Backend\\CategoryController',
  2 => 'App\\Controller\\Backend\\CategoryHabitController',
  3 => 'App\\Controller\\Backend\\ConfigurationController',
  4 => 'App\\Controller\\Backend\\ContactController',
  5 => 'App\\Controller\\Backend\\FocusGroupController',
  6 => 'App\\Controller\\Backend\\HeaderHabitController',
  7 => 'App\\Controller\\Backend\\HomePageController',
  8 => 'App\\Controller\\Backend\\LinkController',
  9 => 'App\\Controller\\Backend\\NewsletterController',
  10 => 'App\\Controller\\Backend\\PanelisteGroupController',
  11 => 'App\\Controller\\Backend\\RegistrationController',
  12 => 'App\\Controller\\Backend\\SurveyController',
  13 => 'App\\Controller\\Backend\\UserController',
  14 => 'App\\Controller\\CsvImportCommand',
  15 => 'App\\Controller\\Frontend\\AccueilController',
  16 => 'App\\Controller\\Frontend\\ContactController',
  17 => 'App\\Controller\\Frontend\\FagController',
  18 => 'App\\Controller\\Frontend\\InscriptionController',
  19 => 'App\\Controller\\Frontend\\Legal_notice',
  20 => 'App\\Controller\\Frontend\\LinkController',
  21 => 'App\\Controller\\Frontend\\PdfController',
  22 => 'App\\Controller\\Frontend\\SurveyController',
  23 => 'App\\Controller\\Security\\SecurityAdminController',
  24 => 'App\\Controller\\Security\\SecurityController',
  25 => 'App\\Entity\\Admin',
  26 => 'App\\Entity\\Brand',
  27 => 'App\\Entity\\Category',
  28 => 'App\\Entity\\CategoryHabit',
  29 => 'App\\Entity\\CategoryItem',
  30 => 'App\\Entity\\CategoryList',
  31 => 'App\\Entity\\ClubArticle',
  32 => 'App\\Entity\\ClubSubject',
  33 => 'App\\Entity\\Configuration',
  34 => 'App\\Entity\\Contact',
  35 => 'App\\Entity\\FocusAccess',
  36 => 'App\\Entity\\FocusAccesss',
  37 => 'App\\Entity\\FocusGroup',
  38 => 'App\\Entity\\FocusMessage',
  39 => 'App\\Entity\\FormTrois',
  40 => 'App\\Entity\\Habit',
  41 => 'App\\Entity\\HeaderHabit',
  42 => 'App\\Entity\\HomePage',
  43 => 'App\\Entity\\Insc',
  44 => 'App\\Entity\\Inscription',
  45 => 'App\\Entity\\Invitation',
  46 => 'App\\Entity\\Link',
  47 => 'App\\Entity\\LinkLog',
  48 => 'App\\Entity\\Name',
  49 => 'App\\Entity\\Newsletter',
  50 => 'App\\Entity\\PDeuxIns',
  51 => 'App\\Entity\\PanelisteGroup',
  52 => 'App\\Entity\\Roles',
  53 => 'App\\Entity\\StaticPage',
  54 => 'App\\Entity\\Survey',
  55 => 'App\\Entity\\User',
  56 => 'Doctrine\\Bundle\\DoctrineBundle\\Controller\\ProfilerController',
  57 => 'Doctrine\\ORM\\Cache\\Persister\\Entity\\AbstractEntityPersister',
  58 => 'Doctrine\\ORM\\Cache\\Persister\\Entity\\CachedEntityPersister',
  59 => 'Doctrine\\ORM\\Cache\\Persister\\Entity\\NonStrictReadWriteCachedEntityPersister',
  60 => 'Doctrine\\ORM\\Cache\\Persister\\Entity\\ReadOnlyCachedEntityPersister',
  61 => 'Doctrine\\ORM\\Cache\\Persister\\Entity\\ReadWriteCachedEntityPersister',
  62 => 'Doctrine\\ORM\\Persisters\\Entity\\AbstractEntityInheritancePersister',
  63 => 'Doctrine\\ORM\\Persisters\\Entity\\BasicEntityPersister',
  64 => 'Doctrine\\ORM\\Persisters\\Entity\\CachedPersisterContext',
  65 => 'Doctrine\\ORM\\Persisters\\Entity\\EntityPersister',
  66 => 'Doctrine\\ORM\\Persisters\\Entity\\JoinedSubclassPersister',
  67 => 'Doctrine\\ORM\\Persisters\\Entity\\SingleTablePersister',
  68 => 'Liip\\ImagineBundle\\Config\\Controller\\ControllerConfig',
  69 => 'Liip\\ImagineBundle\\Controller\\ImagineController',
  71 => 'Symfony\\Bundle\\FrameworkBundle\\Controller\\ControllerResolver',
  72 => 'Symfony\\Bundle\\FrameworkBundle\\Controller\\RedirectController',
  73 => 'Symfony\\Bundle\\FrameworkBundle\\Controller\\TemplateController',
  74 => 'Symfony\\Bundle\\WebProfilerBundle\\Controller\\ExceptionPanelController',
  75 => 'Symfony\\Bundle\\WebProfilerBundle\\Controller\\ProfilerController',
  76 => 'Symfony\\Bundle\\WebProfilerBundle\\Controller\\RouterController',
  77 => 'Symfony\\Component\\HttpKernel\\Controller\\ArgumentResolver',
  78 => 'Symfony\\Component\\HttpKernel\\Controller\\ArgumentResolverInterface',
  79 => 'Symfony\\Component\\HttpKernel\\Controller\\ArgumentResolver\\DefaultValueResolver',
  80 => 'Symfony\\Component\\HttpKernel\\Controller\\ArgumentResolver\\NotTaggedControllerValueResolver',
  81 => 'Symfony\\Component\\HttpKernel\\Controller\\ArgumentResolver\\RequestAttributeValueResolver',
  82 => 'Symfony\\Component\\HttpKernel\\Controller\\ArgumentResolver\\RequestValueResolver',
  83 => 'Symfony\\Component\\HttpKernel\\Controller\\ArgumentResolver\\ServiceValueResolver',
  84 => 'Symfony\\Component\\HttpKernel\\Controller\\ArgumentResolver\\SessionValueResolver',
  85 => 'Symfony\\Component\\HttpKernel\\Controller\\ArgumentResolver\\TraceableValueResolver',
  86 => 'Symfony\\Component\\HttpKernel\\Controller\\ArgumentResolver\\VariadicValueResolver',
  87 => 'Symfony\\Component\\HttpKernel\\Controller\\ArgumentValueResolverInterface',
  88 => 'Symfony\\Component\\HttpKernel\\Controller\\ContainerControllerResolver',
  89 => 'Symfony\\Component\\HttpKernel\\Controller\\ControllerReference',
  90 => 'Symfony\\Component\\HttpKernel\\Controller\\ControllerResolver',
  91 => 'Symfony\\Component\\HttpKernel\\Controller\\ControllerResolverInterface',
  92 => 'Symfony\\Component\\HttpKernel\\Controller\\ErrorController',
  93 => 'Symfony\\Component\\HttpKernel\\Controller\\TraceableArgumentResolver',
  94 => 'Symfony\\Component\\HttpKernel\\Controller\\TraceableControllerResolver',
  95 => 'Symfony\\Component\\Security\\Http\\Controller\\UserValueResolver',
  96 => 'Vich\\UploaderBundle\\Entity\\File',
);